[36mvite v6.4.3 [32mbuilding for production...[36m[39m
transforming...
[32mÔ£ô[39m 27 modules transformed.
rendering chunks...
computing gzip size...
[2mdist/[22m[32mindex.html                 [39m[1m[2m  0.50 kB[22m[1m[22m[2m Ôöé gzip:  0.32 kB[22m
[2mdist/[22m[35massets/index-Gwg9j5UM.css  [39m[1m[2m 39.47 kB[22m[1m[22m[2m Ôöé gzip:  7.02 kB[22m
[2mdist/[22m[36massets/index-GVy542PX.js   [39m[1m[2m217.30 kB[22m[1m[22m[2m Ôöé gzip: 66.21 kB[22m
[32mÔ£ô built in 2.77s[39m
